[becca.qodeinteractive.com/pricing-plans/index.html]
[becca.qodeinteractive.com/about-us/index.html]
[becca.qodeinteractive.com/saas-home/index.html]
[becca.qodeinteractive.com/our-services/index.html]
[backblue.gif]
[fade.gif]
[index.html]
[becca.qodeinteractive.com/wp-content/plugins/qi-blocks/assets/css/plugins/animate/animate.min0235.css]
[becca.qodeinteractive.com/wp-content/plugins/becca-core/inc/icons/elegant-icons/assets/css/elegant-icons.min8717.css]
[becca.qodeinteractive.com/wp-content/plugins/becca-core/inc/icons/font-awesome/assets/css/all.min8717.css]
[becca.qodeinteractive.com/wp-content/plugins/contact-form-7/includes/css/styles1014.css]
[becca.qodeinteractive.com/wp-content/plugins/qi-blocks/assets/dist/gride7f0.css]
[becca.qodeinteractive.com/wp-content/plugins/qi-blocks/assets/dist/maine7f0.css]
[becca.qodeinteractive.com/wp-content/plugins/qi-addons-for-elementor/assets/css/grid.min8717.css]
[becca.qodeinteractive.com/wp-content/plugins/qi-addons-for-elementor/assets/css/helper-parts.min8717.css]
[becca.qodeinteractive.com/wp-content/plugins/qi-addons-for-elementor/assets/css/main.min8717.css]
[becca.qodeinteractive.com/faq-page/index.html]
[becca.qodeinteractive.com/get-in-touch/index.html]
[becca.qodeinteractive.com/wp-content/plugins/becca-core/assets/plugins/perfect-scrollbar/perfect-scrollbar8717.css]
[becca.qodeinteractive.com/wp-content/plugins/qi-blocks/inc/slider/assets/plugins/5.4.5/swiper.min5243.css]
[becca.qodeinteractive.com/wp-content/themes/becca/assets/css/main.min8717.css]
[becca.qodeinteractive.com/wp-content/plugins/becca-core/assets/css/becca-core.min8717.css]
[becca.qodeinteractive.com/wp-content/plugins/becca-membership/assets/css/becca-membership.min8717.css]
[becca.qodeinteractive.com/right-sidebar/index.html]
[becca.qodeinteractive.com/wp-content/themes/becca/style8717.css]
[becca.qodeinteractive.com/wp-content/plugins/becca-core/inc/plugins/elementor/assets/css/elementor.min8717.css]
[becca.qodeinteractive.com/wp-content/plugins/elementor/assets/lib/eicons/css/elementor-icons.minfc13.css]
[becca.qodeinteractive.com/wp-content/uploads/elementor/css/custom-frontend-lite.minf83c.css]
[becca.qodeinteractive.com/wp-content/uploads/elementor/css/post-4f83c.css]
[becca.qodeinteractive.com/wp-content/uploads/elementor/css/post-6847467.css]
[becca.qodeinteractive.com/wp-content/plugins/qode-zendesk-chat/assets/main8717.css]
[becca.qodeinteractive.com/wp-includes/js/jquery/jquery.minf43b.js]
[becca.qodeinteractive.com/wp-includes/js/jquery/jquery-migrate.min5589.js]
[becca.qodeinteractive.com/wp-content/uploads/2023/02/cropped-fav-icon-32x32.png]
[becca.qodeinteractive.com/wp-content/uploads/2023/02/cropped-fav-icon-192x192.png]
[becca.qodeinteractive.com/wp-content/uploads/2023/02/cropped-fav-icon-180x180.png]
[becca.qodeinteractive.com/wp-includes/js/mediaelement/mediaelementplayer-legacy.min1f61.css]
[becca.qodeinteractive.com/wp-includes/js/mediaelement/wp-mediaelement.min8717.css]
[becca.qodeinteractive.com/wp-content/plugins/becca-core/assets/plugins/magnific-popup/magnific-popup8717.css]
[becca.qodeinteractive.com/wp-content/plugins/becca-core/assets/plugins/gsap/MorphSVGPlugin.min8717.js]
[becca.qodeinteractive.com/wp-content/plugins/revslider/public/assets/css/rs6e8c6.css]
[becca.qodeinteractive.com/wp-content/uploads/2023/01/becca-logo-img.png]
[becca.qodeinteractive.com/wp-content/uploads/2023/02/h4-logo-light.png]
[becca.qodeinteractive.com/wp-content/uploads/2023/02/mobile-logo-x2.png]
[becca.qodeinteractive.com/wp-content/plugins/revslider/public/assets/assets/dummy.png]
[becca.qodeinteractive.com/wp-content/uploads/2023/01/h4-deco-img-1.png]
[becca.qodeinteractive.com/wp-content/uploads/2023/01/h4-testimonials-f-img-4.jpg]
[becca.qodeinteractive.com/wp-content/uploads/2023/01/h4-testimonials-f-img-3.jpg]
[becca.qodeinteractive.com/wp-content/uploads/2023/01/h4-testimonials-f-img-2.jpg]
[becca.qodeinteractive.com/wp-content/uploads/2023/01/h4-testimonials-f-img-1.jpg]
[becca.qodeinteractive.com/wp-content/uploads/2023/01/h4-testimonials-avatar-4.png]
[becca.qodeinteractive.com/wp-content/uploads/2023/01/h4-testimonials-avatar-3.png]
[becca.qodeinteractive.com/wp-content/uploads/2023/01/h4-testimonials-avatar-2.png]
[becca.qodeinteractive.com/wp-content/uploads/2023/01/h4-testimonials-avatar-1.png]
[becca.qodeinteractive.com/wp-content/uploads/2023/01/footer-logo-img.png]
[becca.qodeinteractive.com/wp-content/uploads/2023/02/footer-logo-area-img-1.png]
[becca.qodeinteractive.com/wp-content/uploads/2023/02/logo-side-area-img.png]
[becca.qodeinteractive.com/wp-content/uploads/2023/03/login-img-1.png]
[becca.qodeinteractive.com/wp-content/uploads/2023/03/login-img-2.png]
[becca.qodeinteractive.com/wp-content/uploads/2023/03/login-img-3.png]
[becca.qodeinteractive.com/wp-includes/js/dist/hooks.min394d.js]
[becca.qodeinteractive.com/wp-includes/js/dist/i18n.mineca5.js]
[becca.qodeinteractive.com/wp-content/plugins/contact-form-7/includes/swv/js/index1014.js]
[becca.qodeinteractive.com/wp-content/plugins/contact-form-7/includes/js/index1014.js]
[becca.qodeinteractive.com/wp-content/plugins/qi-blocks/assets/dist/maine7f0.js]
[becca.qodeinteractive.com/wp-content/plugins/revslider/public/assets/js/rbtools.mine8c6.js]
[becca.qodeinteractive.com/wp-content/plugins/revslider/public/assets/js/rs6.mine8c6.js]
[becca.qodeinteractive.com/wp-content/plugins/woocommerce/assets/js/jquery-blockui/jquery.blockUI.minf08d.js]
[becca.qodeinteractive.com/wp-content/plugins/woocommerce/assets/js/frontend/add-to-cart.min9b8a.js]
[becca.qodeinteractive.com/wp-content/plugins/woocommerce/assets/js/js-cookie/js.cookie.min71b2.js]
[becca.qodeinteractive.com/wp-content/plugins/woocommerce/assets/js/frontend/woocommerce.min9b8a.js]
[becca.qodeinteractive.com/wp-content/plugins/woocommerce/assets/js/frontend/cart-fragments.min9b8a.js]
[becca.qodeinteractive.com/wp-includes/js/jquery/ui/core.minb37e.js]
[becca.qodeinteractive.com/wp-content/plugins/qi-addons-for-elementor/assets/js/main.min8717.js]
[becca.qodeinteractive.com/wp-content/plugins/becca-core/assets/plugins/perfect-scrollbar/perfect-scrollbar.jquery.min8717.js]
[becca.qodeinteractive.com/wp-includes/js/hoverIntent.min3e5a.js]
[becca.qodeinteractive.com/wp-content/plugins/becca-core/assets/plugins/modernizr/modernizr8717.js]
[becca.qodeinteractive.com/wp-content/plugins/qi-addons-for-elementor/inc/shortcodes/typeout-text/assets/js/plugins/typed68b3.js]
[becca.qodeinteractive.com/wp-content/plugins/qi-addons-for-elementor/inc/shortcodes/parallax-images/assets/js/plugins/jquery.parallax-scroll68b3.js]
[becca.qodeinteractive.com/wp-content/plugins/becca-core/assets/plugins/gsap/gsap.min8717.js]
[becca.qodeinteractive.com/wp-content/plugins/becca-core/assets/plugins/gsap/ScrollTrigger.min8717.js]
[becca.qodeinteractive.com/wp-content/themes/becca/assets/js/main.min8717.js]
[becca.qodeinteractive.com/wp-content/plugins/becca-core/assets/js/becca-core.min8717.js]
[becca.qodeinteractive.com/wp-includes/js/jquery/ui/tabs.minb37e.js]
[becca.qodeinteractive.com/wp-content/plugins/becca-membership/assets/js/becca-membership.min8717.js]
[becca.qodeinteractive.com/wp-content/themes/becca/assets/plugins/appear/jquery.appear8717.js]
[becca.qodeinteractive.com/wp-content/plugins/qi-blocks/inc/slider/assets/plugins/5.4.5/swiper.min5243.js]
[becca.qodeinteractive.com/wp-content/plugins/woocommerce/assets/js/select2/select2.full.min378b.js]
[becca.qodeinteractive.com/wp-includes/js/mediaelement/mediaelement-and-player.min1f61.js]
[becca.qodeinteractive.com/wp-includes/js/mediaelement/mediaelement-migrate.min8717.js]
[becca.qodeinteractive.com/wp-includes/js/mediaelement/wp-mediaelement.min8717.js]
[becca.qodeinteractive.com/wp-includes/js/mediaelement/renderers/vimeo.min1f61.js]
[becca.qodeinteractive.com/wp-content/themes/becca/inc/justified-gallery/assets/js/plugins/jquery.justifiedGallery.min68b3.js]
[becca.qodeinteractive.com/wp-content/plugins/qi-blocks/inc/masonry/assets/plugins/isotope.pkgd.min7c45.js]
[becca.qodeinteractive.com/wp-content/plugins/qi-blocks/inc/masonry/assets/plugins/packery-mode.pkgd.min7406.js]
[becca.qodeinteractive.com/wp-content/plugins/becca-core/assets/plugins/magnific-popup/jquery.magnific-popup.min8717.js]
[becca.qodeinteractive.com/wp-content/plugins/elementor/assets/js/webpack.runtime.min2e9d.js]
[becca.qodeinteractive.com/wp-content/plugins/elementor/assets/js/frontend-modules.min2e9d.js]
[becca.qodeinteractive.com/wp-content/plugins/elementor/assets/lib/waypoints/waypoints.min05da.js]
[becca.qodeinteractive.com/wp-content/plugins/elementor/assets/js/frontend.min2e9d.js]
[becca.qodeinteractive.com/wp-content/plugins/qi-addons-for-elementor/inc/plugins/elementor/assets/js/elementor8717.js]
[becca.qodeinteractive.com/wp-content/plugins/becca-core/inc/plugins/elementor/assets/js/elementor.min8717.js]
[becca.qodeinteractive.com/saas-home/index.html]
[becca.qodeinteractive.com/wp-content/uploads/elementor/css/post-2513f83c.css]
[becca.qodeinteractive.com/wp-content/uploads/2023/01/logo-light.png]
[becca.qodeinteractive.com/wp-content/uploads/2023/02/p1-img-2.png]
[becca.qodeinteractive.com/wp-content/uploads/2023/02/p1-img-1.jpg]
[becca.qodeinteractive.com/wp-content/uploads/2023/02/p1-img-3.jpg]
[becca.qodeinteractive.com/wp-content/uploads/2023/02/p1-img-4.jpg]
[becca.qodeinteractive.com/wp-content/uploads/2023/02/p1-img-5.jpg]
[becca.qodeinteractive.com/wp-content/uploads/2023/02/p1-img-6.jpg]
[becca.qodeinteractive.com/wp-content/uploads/2023/01/h7-testimonials-f-img-1.jpg]
[becca.qodeinteractive.com/wp-content/uploads/2023/01/h7-client-4.png]
[becca.qodeinteractive.com/wp-content/uploads/2023/01/h7-testimonials-f-img-2.jpg]
[becca.qodeinteractive.com/wp-content/uploads/2023/01/h7-client-5-1.png]
[becca.qodeinteractive.com/wp-content/uploads/2023/01/h7-testimonials-f-img-3.jpg]
[becca.qodeinteractive.com/wp-content/uploads/2023/01/h7-client-6-1.png]
[becca.qodeinteractive.com/about-us/index.html]
[becca.qodeinteractive.com/wp-content/uploads/elementor/css/post-31263524.css]
[becca.qodeinteractive.com/wp-content/uploads/elementor/css/post-13603524.css]
[becca.qodeinteractive.com/wp-content/uploads/elementor/css/post-13653524.css]
[becca.qodeinteractive.com/wp-content/uploads/2023/01/main-h-pricing1.png]
[becca.qodeinteractive.com/wp-content/uploads/2023/01/main-h-pricing2.png]
[becca.qodeinteractive.com/wp-content/uploads/2023/01/main-h-imge-1.png]
[becca.qodeinteractive.com/pricing-plans/index.html]
[becca.qodeinteractive.com/wp-content/uploads/elementor/css/post-3184f83c.css]
[becca.qodeinteractive.com/wp-content/uploads/2023/02/p12-img-2.png]
[becca.qodeinteractive.com/wp-content/uploads/2023/02/p12-img-3.png]
[becca.qodeinteractive.com/wp-content/uploads/2023/02/p12-img-4.png]
[becca.qodeinteractive.com/wp-content/uploads/2023/02/p12-icon-1.png]
[becca.qodeinteractive.com/wp-content/uploads/2023/02/p12-icon-3.png]
[becca.qodeinteractive.com/wp-content/uploads/2023/02/p12-icon-2.png]
[becca.qodeinteractive.com/wp-content/uploads/2023/02/p12-img-5.png]
[becca.qodeinteractive.com/wp-content/uploads/2023/02/p12-img-6.png]
[becca.qodeinteractive.com/wp-content/uploads/2023/02/p12-img-7.png]
[becca.qodeinteractive.com/wp-content/uploads/2023/02/p12-img-8.png]
[becca.qodeinteractive.com/our-services/index.html]
[becca.qodeinteractive.com/wp-content/uploads/elementor/css/post-286734a8.css]
[becca.qodeinteractive.com/wp-includes/js/jquery/ui/accordion.minb37e.js]
[becca.qodeinteractive.com/faq-page/index.html]
[becca.qodeinteractive.com/wp-content/uploads/elementor/css/post-295634a8.css]
[becca.qodeinteractive.com/get-in-touch/index.html]
[becca.qodeinteractive.com/wp-content/uploads/elementor/css/post-2404184a.css]
[becca.qodeinteractive.com/wp-content/uploads/2023/02/blog-img-1.jpg]
[becca.qodeinteractive.com/wp-content/uploads/2023/02/blog-img-4.jpg]
[becca.qodeinteractive.com/wp-content/uploads/2023/02/blog-img-5.jpg]
[becca.qodeinteractive.com/wp-content/uploads/2023/02/blog-quote-background.png]
[becca.qodeinteractive.com/wp-content/uploads/2023/02/blog-img-2.jpg]
[becca.qodeinteractive.com/wp-content/uploads/2023/02/blog-audio-post230a.mp3]
[becca.qodeinteractive.com/wp-content/uploads/2023/02/blog-audio-post.mp3]
[becca.qodeinteractive.com/wp-content/uploads/2023/02/blog-link-background.png]
[becca.qodeinteractive.com/wp-content/uploads/2023/02/blog-img-3.jpg]
[becca.qodeinteractive.com/wp-content/uploads/2023/02/author-user-img.png]
[becca.qodeinteractive.com/wp-content/uploads/2023/02/blog-siderbar-banner.jpg]
[becca.qodeinteractive.com/right-sidebar/index.html]
[becca.qodeinteractive.com/wp-content/plugins/qi-blocks/assets/css/plugins/animate/animate.min0235.css]
[becca.qodeinteractive.com/wp-content/plugins/becca-core/inc/icons/elegant-icons/assets/fonts/ElegantIcons.eot]
[becca.qodeinteractive.com/wp-content/plugins/becca-core/inc/icons/elegant-icons/assets/fonts/ElegantIconsd41d.eot]
[becca.qodeinteractive.com/wp-content/plugins/becca-core/inc/icons/elegant-icons/assets/fonts/ElegantIcons.woff]
[becca.qodeinteractive.com/wp-content/plugins/becca-core/inc/icons/elegant-icons/assets/fonts/ElegantIcons.ttf]
[becca.qodeinteractive.com/wp-content/plugins/becca-core/inc/icons/elegant-icons/assets/css/elegant-icons.min8717.css]
[becca.qodeinteractive.com/wp-content/plugins/becca-core/inc/icons/elegant-icons/assets/fonts/ElegantIcons.svg]
[becca.qodeinteractive.com/wp-content/plugins/becca-core/inc/icons/font-awesome/assets/webfonts/fa-brands-400.woff2]
[becca.qodeinteractive.com/wp-content/plugins/becca-core/inc/icons/font-awesome/assets/webfonts/fa-brands-400.ttf]
[becca.qodeinteractive.com/wp-content/plugins/becca-core/inc/icons/font-awesome/assets/webfonts/fa-regular-400.woff2]
[becca.qodeinteractive.com/wp-content/plugins/becca-core/inc/icons/font-awesome/assets/webfonts/fa-regular-400.ttf]
[becca.qodeinteractive.com/wp-content/plugins/becca-core/inc/icons/font-awesome/assets/webfonts/fa-solid-900.woff2]
[becca.qodeinteractive.com/wp-content/plugins/becca-core/inc/icons/font-awesome/assets/webfonts/fa-solid-900.ttf]
[becca.qodeinteractive.com/wp-content/plugins/becca-core/inc/icons/font-awesome/assets/webfonts/fa-v4compatibility.woff2]
[becca.qodeinteractive.com/wp-content/plugins/becca-core/inc/icons/font-awesome/assets/webfonts/fa-v4compatibility.ttf]
[becca.qodeinteractive.com/wp-content/plugins/becca-core/inc/icons/font-awesome/assets/css/all.min8717.css]
[becca.qodeinteractive.com/wp-content/plugins/contact-form-7/includes/css/styles1014.css]
[becca.qodeinteractive.com/wp-content/plugins/qi-blocks/assets/dist/gride7f0.css]
[becca.qodeinteractive.com/wp-content/plugins/qi-blocks/assets/dist/maine7f0.css]
[becca.qodeinteractive.com/wp-content/plugins/qi-addons-for-elementor/assets/css/grid.min8717.css]
[becca.qodeinteractive.com/wp-content/plugins/qi-addons-for-elementor/assets/css/helper-parts.min8717.css]
[becca.qodeinteractive.com/wp-content/plugins/qi-addons-for-elementor/assets/css/main.min8717.css]
[becca.qodeinteractive.com/wp-content/plugins/becca-core/assets/plugins/perfect-scrollbar/perfect-scrollbar8717.css]
[becca.qodeinteractive.com/wp-content/plugins/qi-blocks/inc/slider/assets/plugins/5.4.5/swiper.min5243.css]
[becca.qodeinteractive.com/wp-content/themes/becca/assets/img/blog-quote-star.svg]
[becca.qodeinteractive.com/wp-content/themes/becca/assets/img/reply.svg]
[becca.qodeinteractive.com/wp-content/themes/becca/assets/img/edit.svg]
[becca.qodeinteractive.com/wp-content/themes/becca/assets/img/hand-wave-2.png]
[becca.qodeinteractive.com/wp-content/themes/becca/assets/img/sale.png]
[becca.qodeinteractive.com/wp-content/themes/becca/assets/img/new.png]
[becca.qodeinteractive.com/wp-content/themes/becca/assets/img/sold.png]
[becca.qodeinteractive.com/wp-content/themes/becca/assets/css/main.min8717.css]
[becca.qodeinteractive.com/wp-content/plugins/becca-core/assets/img/check-mark-light.svg]
[becca.qodeinteractive.com/wp-content/plugins/becca-core/assets/img/check-mark-close.svg]
[becca.qodeinteractive.com/wp-content/plugins/becca-core/assets/img/newsletter.png]
[becca.qodeinteractive.com/wp-content/plugins/becca-core/assets/img/button-arrow-purple.svg]
[becca.qodeinteractive.com/wp-content/plugins/becca-core/assets/css/becca-core.min8717.css]
[becca.qodeinteractive.com/wp-content/plugins/becca-membership/assets/css/becca-membership.min8717.css]
[becca.qodeinteractive.com/wp-content/themes/becca/style8717.css]
[becca.qodeinteractive.com/wp-content/plugins/becca-core/inc/plugins/elementor/assets/css/elementor.min8717.css]
[becca.qodeinteractive.com/wp-content/plugins/elementor/assets/lib/eicons/fonts/eiconsb732.woff2]
[becca.qodeinteractive.com/wp-content/plugins/elementor/assets/lib/eicons/fonts/eiconsb732.eot]
[becca.qodeinteractive.com/wp-content/plugins/elementor/assets/lib/eicons/fonts/eiconsb732.woff]
[becca.qodeinteractive.com/wp-content/plugins/elementor/assets/lib/eicons/fonts/eiconsb732.ttf]
[becca.qodeinteractive.com/wp-content/plugins/elementor/assets/lib/eicons/css/elementor-icons.minfc13.css]
[becca.qodeinteractive.com/wp-content/uploads/elementor/css/custom-frontend-lite.minf83c.css]
[becca.qodeinteractive.com/wp-content/uploads/elementor/css/post-4f83c.css]
[becca.qodeinteractive.com/wp-content/plugins/elementor/assets/lib/eicons/fonts/eiconsb732.svg]
[becca.qodeinteractive.com/wp-content/uploads/2023/01/h4-background-img-1.png]
[becca.qodeinteractive.com/wp-content/uploads/2023/01/h4-background-img-2.jpg]
[becca.qodeinteractive.com/wp-content/uploads/2023/01/h4-background-img-3.png]
[becca.qodeinteractive.com/wp-content/uploads/2023/01/h4-background-img-4.jpg]
[becca.qodeinteractive.com/wp-content/uploads/2023/03/h4-background-img-3-ver-2.png]
[becca.qodeinteractive.com/wp-content/uploads/2023/01/h4-background-img-6.jpg]
[becca.qodeinteractive.com/wp-content/uploads/elementor/css/post-6847467.css]
[becca.qodeinteractive.com/wp-content/plugins/qode-zendesk-chat/assets/main8717.css]
[becca.qodeinteractive.com/wp-includes/js/mediaelement/mejs-controls.svg]
[becca.qodeinteractive.com/wp-includes/js/mediaelement/mediaelementplayer-legacy.min1f61.css]
[becca.qodeinteractive.com/wp-includes/js/mediaelement/wp-mediaelement.min8717.css]
[becca.qodeinteractive.com/wp-content/plugins/becca-core/assets/plugins/magnific-popup/magnific-popup8717.css]
[becca.qodeinteractive.com/wp-content/plugins/revslider/public/assets/fonts/revicons/revicons90c6.eot]
[becca.qodeinteractive.com/wp-content/plugins/revslider/public/assets/fonts/revicons/revicons90c6.woff]
[becca.qodeinteractive.com/wp-content/plugins/revslider/public/assets/fonts/revicons/revicons90c6.ttf]
[becca.qodeinteractive.com/wp-content/plugins/revslider/public/assets/fonts/revicons/revicons90c6.svg]
[becca.qodeinteractive.com/wp-content/plugins/revslider/public/assets/assets/gridtile.png]
[becca.qodeinteractive.com/wp-content/plugins/revslider/public/assets/assets/gridtile_white.png]
[becca.qodeinteractive.com/wp-content/plugins/revslider/public/assets/assets/gridtile_3x3.png]
[becca.qodeinteractive.com/wp-content/plugins/revslider/public/assets/assets/gridtile_3x3_white.png]
[becca.qodeinteractive.com/wp-content/plugins/revslider/public/assets/assets/coloredbg.png]
[becca.qodeinteractive.com/wp-content/plugins/revslider/public/assets/assets/loader.gif]
[becca.qodeinteractive.com/wp-content/plugins/revslider/public/assets/css/rs6e8c6.css]
[becca.qodeinteractive.com/wp-content/uploads/2023/02/p1-background-img-1.jpg]
[becca.qodeinteractive.com/wp-content/uploads/2023/02/p1-background-img-2.png]
[becca.qodeinteractive.com/wp-content/uploads/elementor/css/post-2513f83c.css]
[becca.qodeinteractive.com/wp-content/uploads/2023/02/p10-background-img.png]
[becca.qodeinteractive.com/wp-content/uploads/elementor/css/post-31263524.css]
[becca.qodeinteractive.com/wp-content/uploads/elementor/css/post-13603524.css]
[becca.qodeinteractive.com/wp-content/uploads/elementor/css/post-13653524.css]
[becca.qodeinteractive.com/wp-content/uploads/2023/02/p12-background-img-1.jpg]
[becca.qodeinteractive.com/wp-content/uploads/2023/02/p12-background-img.jpg]
[becca.qodeinteractive.com/wp-content/uploads/elementor/css/post-3184f83c.css]
[becca.qodeinteractive.com/wp-content/uploads/elementor/css/post-286734a8.css]
[becca.qodeinteractive.com/wp-content/uploads/2023/02/p6-background-img.jpg]
[becca.qodeinteractive.com/wp-content/uploads/elementor/css/post-295634a8.css]
[becca.qodeinteractive.com/wp-content/uploads/elementor/css/post-2404184a.css]
[becca.qodeinteractive.com/wp-content/plugins/becca-core/inc/icons/elegant-icons/assets/fonts/ElegantIcons.svg]
[becca.qodeinteractive.com/wp-content/themes/becca/assets/img/blog-quote-star.svg]
[becca.qodeinteractive.com/wp-content/themes/becca/assets/img/reply.svg]
[becca.qodeinteractive.com/wp-content/themes/becca/assets/img/edit.svg]
[becca.qodeinteractive.com/wp-content/plugins/becca-core/assets/img/check-mark-light.svg]
[becca.qodeinteractive.com/wp-content/plugins/becca-core/assets/img/check-mark-close.svg]
[becca.qodeinteractive.com/wp-content/plugins/becca-core/assets/img/button-arrow-purple.svg]
[becca.qodeinteractive.com/wp-content/plugins/elementor/assets/lib/eicons/fonts/eiconsb732.svg]
[becca.qodeinteractive.com/wp-includes/js/mediaelement/mejs-controls.svg]
[becca.qodeinteractive.com/wp-content/plugins/revslider/public/assets/fonts/revicons/revicons90c6.svg]
[becca.qodeinteractive.com/wp-content/plugins/revslider/public/assets/css/openhand.html]
[becca.qodeinteractive.com/wp-content/plugins/revslider/public/assets/css/closedhand.html]
